Starting org.bukkit.craftbukkit.Main
2026-08-27T15:31:17.513156Z ServerMain WARN Advanced terminal features are not available in this environment
[23:31:17 INFO]: [bootstrap] Running Java 21 (Java HotSpot(TM) 64-Bit Server VM 21.0.10+8-LTS-217; Oracle Corporation null) on Windows 11 10.0 (amd64)
[23:31:17 INFO]: [bootstrap] Loading Papo 1.21.11-DEV-perf/multicore-r2@f26e910 (1970-01-01T00:00:00Z) for Minecraft 1.21.11
[23:31:17 INFO]: [PluginInitializerManager] Initializing plugins...
[23:31:18 WARN]: [oshi.driver.windows.perfmon.PerfmonDisabled] Invalid registry value type detected for PerfOS counters. Should be REG_DWORD. Ignoring: HKEY_LOCAL_MACHINE\SYSTEM\CurrentControlSet\Services\PerfOS\Performance\Disable Performance Counters.
[23:31:18 INFO]: [PluginInitializerManager] Initialized 2 plugins
[23:31:18 INFO]: [PluginInitializerManager] Bukkit plugins (2):
 - Iris (3.9.5-1.20.1-1.21.11), PregenBoot (1.0)
[23:31:25 INFO]: [ca.spottedleaf.dataconverter.minecraft.datatypes.MCTypeRegistry] Initialising converters for DataConverter...
[23:31:25 INFO]: Environment: Environment[sessionHost=https://sessionserver.mojang.com, servicesHost=https://api.minecraftservices.com, profilesHost=https://api.mojang.com, name=PROD]
[23:31:26 INFO]: [ca.spottedleaf.dataconverter.minecraft.datatypes.MCTypeRegistry] Finished initialising converters for DataConverter in 1,027.4ms
[23:31:28 INFO]: Loaded 1470 recipes
[23:31:29 INFO]: Loaded 1584 advancements
[23:31:29 INFO]: Starting minecraft server version 1.21.11
[23:31:29 INFO]: Loading properties
[23:31:29 INFO]: This server is running Papo version 0.65.0 (MC: 1.21.11 at 1.21.11-DEV-f26e910, implementing API version 1.21.11-R0.1-SNAPSHOT)
[23:31:29 INFO]: [spark] This server bundles the spark profiler. For more information please visit https://docs.papermc.io/paper/profiling
[23:31:29 INFO]: Server Ping Player Sample Count: 12
[23:31:29 INFO]: Using 8 threads for Netty based IO
[23:31:30 INFO]: [MoonriseCommon] Paper is using 12 worker threads, 4 I/O threads
[23:31:30 INFO]: Default game type: SURVIVAL
[23:31:30 INFO]: Generating keypair
[23:31:30 INFO]: Starting Minecraft server on *:25565
[23:31:30 INFO]: Paper: Using Java compression from Velocity.
[23:31:30 INFO]: Paper: Using Java cipher from Velocity.
[23:31:31 INFO]: [Iris] Loading libraries...
[23:31:35 INFO]: [Iris] Libraries loaded successfully!
[23:31:35 INFO]: [Iris] Loading server plugin Iris v3.9.5-1.20.1-1.21.11
[23:31:35 INFO]: [PregenBoot] Loading server plugin PregenBoot v1.0
[23:31:35 INFO]: Server permissions file permissions.yml is empty, ignoring it
[23:31:35 INFO]: [Iris] Enabling Iris v3.9.5-1.20.1-1.21.11
[23:31:37 INFO]: [38;5;239m[[38;5;31mI[38;5;31mr[38;5;31mi[38;5;31ms[38;5;239m][38;5;247m: [38;5;15mEn[38;5;15mabling S[38;5;15men[38;5;15mtry for an[38;5;15monymous err[38;5;15mor re[38;5;15mporti[38;5;15mng. You ca[38;5;15mn disable t[38;5;15mhi[38;5;15ms in the[38;5;15m settings.[0m
[23:31:37 INFO]: [38;5;239m[[38;5;6mI[38;5;6mri[38;5;31ms[38;5;239m][38;5;248m:[38;5;248m [38;5;15mYou[38;5;15mr [38;5;15mserver I[38;5;15mD is: D0DCD[38;5;15m0C00B71A[38;5;15m42[38;5;15m6721785086[38;5;15m94EEBCB7F6[38;5;15m33FCA2[38;5;15m45E4D[38;5;15m2123BAB9FD[38;5;15m1DF5D5D0[0m
[23:31:37 INFO]: [38;5;8m[[38;5;36mI[38;5;36mr[38;5;36mi[38;5;36ms[38;5;8m][38;5;7m:[38;5;7m [38;5;15mLo[38;5;15mca[38;5;15mting[38;5;15m NMS[38;5;15m Bin[38;5;15mding[38;5;15m fo[38;5;15mr[38;5;15m v1_[38;5;15m21_R[38;5;15m7[0m
[23:31:38 INFO]: [38;5;240m[[38;5;36mI[38;5;36mr[38;5;36mi[38;5;36ms[38;5;240m][38;5;7m:[38;5;7m [38;5;15mCra[38;5;15mftbukki[38;5;15mt v[38;5;15m1_2[38;5;15m1_R7 <-[38;5;15m> NMSB[38;5;15min[38;5;15mding [38;5;15mSuccess[38;5;15mfully[38;5;15m [38;5;15mBound[0m
[23:31:38 INFO]: [38;5;240m[[38;5;36mI[38;5;36mr[38;5;36mi[38;5;36ms[38;5;240m][38;5;7m:[38;5;7m [38;5;15mCh[38;5;15mec[38;5;15mki[38;5;15mn[38;5;15mg D[38;5;15mat[38;5;15ma[38;5;15m P[38;5;15mac[38;5;15mks.[38;5;15m..[0m
[23:31:40 INFO]: [38;5;239m[[38;5;31mI[38;5;31mr[38;5;31mi[38;5;6ms[38;5;239m][38;5;248m:[38;5;248m [38;5;15mD[38;5;15ma[38;5;15mta[38;5;15m P[38;5;15ma[38;5;15mc[38;5;15mks[38;5;15m S[38;5;15met[38;5;15mup[38;5;15m![0m
[23:31:40 INFO]: [38;5;239m[[38;5;31mI[38;5;31mr[38;5;31mi[38;5;31ms[38;5;239m][38;5;247m:[38;5;247m [38;5;15mI[38;5;15mns[38;5;15mtal[38;5;15mlin[38;5;15mg J[38;5;15ma[38;5;15mva[38;5;15m Ag[38;5;15ment[38;5;15m...[0m
[23:31:40 ERROR]: [STDERR] [sun.instrument.InstrumentationImpl] WARNING: A Java agent has been loaded dynamically (F:\Github\repo\Iris-1.21.11\test\server\plugins\Iris\agent.jar)
WARNING: If a serviceability tool is in use, please run with -XX:+EnableDynamicAgentLoading to hide this warning
WARNING: If a serviceability tool is not in use, please run with -Djdk.instrument.traceUsage for more information
WARNING: Dynamic loading of agents will be disallowed by default in a future release
[23:31:40 INFO]: [38;5;239m[[38;5;6mI[38;5;6mr[38;5;31mi[38;5;31ms[38;5;239m][38;5;248m:[38;5;248m [38;5;15mI[38;5;15mn[38;5;15mj[38;5;15mec[38;5;15mti[38;5;15mng[38;5;15m B[38;5;15mu[38;5;15mk[38;5;15mki[38;5;15mt[0m
[23:31:42 INFO]: [38;5;240m[[38;5;208mI[38;5;208mr[38;5;208mi[38;5;208ms[38;5;240m][38;5;7m: [38;5;15mServer t[38;5;15my[38;5;15mpe & v[38;5;15mersion: [38;5;15mPapo v[38;5;15m1.[38;5;15m21.11-D[38;5;15mEV-f26e9[38;5;15m10 ([38;5;15mMC: [38;5;15m1.21.11[38;5;15m)[0m
[23:31:42 INFO]: [38;5;240m[[38;5;208mI[38;5;208mr[38;5;208mi[38;5;202ms[38;5;240m][38;5;7m:[38;5;7m [38;5;15mC[38;5;15mus[38;5;15mto[38;5;15mm [38;5;15mB[38;5;15mi[38;5;15mom[38;5;15mes[38;5;15m:[38;5;15m [38;5;15m97[0m
[23:31:42 INFO]: [38;5;240m[[38;5;208mI[38;5;208mr[38;5;208mi[38;5;202ms[38;5;240m][38;5;7m:[38;5;7m [38;5;15mC[38;5;15mus[38;5;15mto[38;5;15mm D[38;5;15mim[38;5;15men[38;5;15msio[38;5;15mn[38;5;15ms[38;5;15m: 1[0m
[23:31:42 INFO]: [38;5;240m[[38;5;208mI[38;5;208mr[38;5;208mi[38;5;202ms[38;5;240m][38;5;7m:[38;5;7m [38;5;15m [38;5;15m o[38;5;15mve[38;5;15mrw[38;5;15mor[38;5;15mld[38;5;15m v[38;5;15m31[38;5;15m1[38;5;15m00[0m
[23:31:42 INFO]: [38;5;240m[[38;5;208mIri[38;5;208ms[38;5;240m][38;5;7m: [38;5;15m

        [38;5;7m   @@@@@@@@@[38;5;7m@@@@@[38;5;240m@@@
      [38;5;240m  [38;5;7m @@&&&&&&&&&[38;5;240m&&&&&&[38;5;208m   [38;5;208m.((([38;5;208m())))[38;5;208m.  [38;5;208m [38;5;208m    [38;5;208m     [38;5;208m    [38;5;208m    [38;5;208m 
  [38;5;208m     [38;5;208m [38;5;7m@@@&&&&&&&&[38;5;240m&&&&&[38;5;208m  .[38;5;208m(((([38;5;208m((()[38;5;208m)))[38;5;208m)[38;5;208m)). [38;5;208m   [38;5;208m    [38;5;208m    [38;5;208m    [38;5;208m  
 [38;5;208m    [38;5;208m   [38;5;7m@@@&&&&&[38;5;240m&&&&&&&[38;5;208m  ([38;5;208m((([38;5;208m(((([38;5;208m())[38;5;208m))))[38;5;208m)))[38;5;208m    [38;5;208m    [38;5;208m   [38;5;208m    [38;5;7m @
      [38;5;7m  [38;5;7m@@@&&&&[38;5;240m@@@@@&[38;5;208m  [38;5;208m  (([38;5;208m((([38;5;208m((([38;5;208m-))[38;5;208m)))[38;5;208m))))[38;5;208m   [38;5;208m   [38;5;208m   [38;5;208m   [38;5;208m  [38;5;7m @@
    [38;5;7m    [38;5;7m@@@&&[38;5;208m  [38;5;208m   [38;5;208m   [38;5;208m  [38;5;208m [38;5;208m (([38;5;208m((([38;5;208m(([38;5;208m{ }[38;5;208m)))[38;5;208m)))[38;5;208m)) [38;5;208m   [38;5;208m   [38;5;208m  [38;5;208m  [38;5;7m &&@@@ [38;5;7m   [38;5;208m I[38;5;208mris[38;5;208m
 [38;5;208m  [38;5;208m [38;5;208m  [38;5;208m  [38;5;7m@@[38;5;208m  [38;5;208m  [38;5;208m   [38;5;208m  [38;5;208m   [38;5;208m  [38;5;208m (([38;5;208m(([38;5;208m((([38;5;208m(-[38;5;208m))[38;5;208m)))[38;5;208m))[38;5;208m)) [38;5;208m  [38;5;208m [38;5;240m&@@@@[38;5;240m@[38;5;7m&&&&@@[38;5;7m@    [38;5;7m by [38;5;208mVo[38;5;208mlm[38;5;208mit[38;5;208m S[38;5;208mof[38;5;208mtw[38;5;208mar[38;5;208me
[38;5;208m  [38;5;208m   [38;5;208m  [38;5;208m [38;5;7m@[38;5;208m  [38;5;208m  [38;5;208m  [38;5;208m [38;5;208m  [38;5;208m  [38;5;208m  [38;5;208m  [38;5;208m ([38;5;208m(([38;5;208m(([38;5;208m(([38;5;208m(([38;5;208m))[38;5;208m))[38;5;208m))[38;5;208m))[38;5;208m) [38;5;208m [38;5;240m&&&&[38;5;240m&[38;5;7m&&&&&[38;5;7m&&@@@    [38;5;7m v[38;5;208m3[38;5;208m.9[38;5;208m.5[38;5;208m-[38;5;208m1.[38;5;208m2[38;5;208m0.[38;5;208m1-[38;5;208m1[38;5;208m.2[38;5;208m1[38;5;208m.1[38;5;208m1[38;5;208m
 [38;5;208m  [38;5;208m [38;5;208m  [38;5;208m [38;5;208m [38;5;208m [38;5;208m  [38;5;208m [38;5;208m [38;5;208m [38;5;208m [38;5;208m [38;5;208m  [38;5;208m [38;5;208m  [38;5;208m [38;5;208m [38;5;208m  [38;5;208m [38;5;208m'([38;5;208m([38;5;208m([38;5;208m(([38;5;208m([38;5;208m()[38;5;208m)[38;5;202m)[38;5;202m))[38;5;202m)[38;5;202m)'[38;5;202m [38;5;202m [38;5;240m&&&[38;5;240m&&[38;5;7m&&&[38;5;7m&&&&&@@[38;5;7m@  [38;5;7m  [38;5;7m c[38;5;208m1[38;5;208me[38;5;208m6[38;5;208m4[38;5;208md[38;5;208ma[38;5;208m2[38;5;208m3[38;5;208m4[38;5;208m9f[38;5;208mf[38;5;208me[38;5;208m3[38;5;208m1[38;5;208ma[38;5;208m3[38;5;208m6[38;5;208md[38;5;208me[38;5;208md[38;5;202mc[38;5;202m6[38;5;202mb[38;5;202m0[38;5;202m4[38;5;202m0[38;5;202mc[38;5;202m7[38;5;202m4[38;5;202m0[38;5;202m0[38;5;202m1[38;5;202m92[38;5;202mc[38;5;202m5[38;5;202m7[38;5;202ma[38;5;202ma[38;5;7m/[38;5;208md[38;5;208me[38;5;208mv[38;5;208me[38;5;208ml[38;5;208mo[38;5;208mp[38;5;208mm[38;5;208me[38;5;208mn[38;5;208mt[38;5;208m
[38;5;208m [38;5;208m [38;5;208m [38;5;208m [38;5;202m [38;5;202m [38;5;202m [38;5;202m [38;5;208m [38;5;208m [38;5;208m [38;5;208m [38;5;208m [38;5;208m [38;5;208m [38;5;208m [38;5;208m [38;5;208m [38;5;208m [38;5;208m [38;5;208m [38;5;208m [38;5;202m [38;5;202m [38;5;202m [38;5;202m [38;5;202m [38;5;202m [38;5;202m [38;5;202m'[38;5;202m([38;5;202m([38;5;202m([38;5;202m([38;5;202m)[38;5;202m)[38;5;202m)[38;5;202m)[38;5;202m'[38;5;202m [38;5;202m [38;5;202m [38;5;240m&[38;5;240m&&&[38;5;240m&[38;5;240m&&[38;5;240m&[38;5;7m&&[38;5;7m&&[38;5;7m&[38;5;7m&&@[38;5;145m@
[38;5;145m  [38;5;145m  [38;5;145m [38;5;145m [38;5;145m  [38;5;7m [38;5;7m  [38;5;7m [38;5;7m  [38;5;145m [38;5;145m  [38;5;145m [38;5;145m [38;5;145m [38;5;145m  [38;5;145m [38;5;145m   [38;5;145m [38;5;145m  [38;5;145m [38;5;145m [38;5;145m [38;5;145m  [38;5;145m [38;5;7m  [38;5;7m [38;5;7m [38;5;240m@[38;5;240m@[38;5;240m@[38;5;7m@[38;5;7m@[38;5;145m@[38;5;145m@[38;5;145m@[38;5;145m@[38;5;145m@[38;5;145m@[38;5;7m@[38;5;7m@[38;5;7m@[38;5;7m@[38;5;248m@[38;5;248m@[38;5;248m
[0m
[23:31:42 INFO]: [38;5;8m[[38;5;208mI[38;5;208mr[38;5;208mi[38;5;208ms[38;5;8m][38;5;7m:[38;5;7m [38;5;208m1[38;5;208m [38;5;208mI[38;5;202ms[38;5;202ms[38;5;202mu[38;5;202me[38;5;202ms[38;5;208m [38;5;208mf[38;5;208mo[38;5;3mu[38;5;3mn[38;5;214md[0m
[23:31:42 INFO]: [38;5;8m[[38;5;208mI[38;5;208mr[38;5;208mi[38;5;208ms[38;5;8m][38;5;7m: [38;5;185mU[38;5;185mn[38;5;185ms[38;5;221mu[38;5;221mp[38;5;221mp[38;5;221mo[38;5;221mr[38;5;221mt[38;5;221me[38;5;221md[38;5;221m [38;5;221mS[38;5;221me[38;5;221mr[38;5;221mv[38;5;221me[38;5;221mr[38;5;221m [38;5;185mS[38;5;185mo[38;5;185mf[38;5;185mt[38;5;185mw[38;5;185ma[38;5;185mr[38;5;185me[0m
[23:31:42 INFO]: [38;5;8m[[38;5;208mI[38;5;208mr[38;5;208mi[38;5;208ms[38;5;8m][38;5;7m: [38;5;185m-[38;5;185m [38;5;185mP[38;5;185ml[38;5;221me[38;5;221ma[38;5;221ms[38;5;221me[38;5;221m [38;5;221mc[38;5;221mo[38;5;221mn[38;5;221ms[38;5;221mi[38;5;221md[38;5;221me[38;5;221mr[38;5;221m [38;5;221mu[38;5;221ms[38;5;221mi[38;5;221mn[38;5;221mg[38;5;221m [38;5;221mP[38;5;221ma[38;5;221mp[38;5;221me[38;5;221mr[38;5;221m [38;5;221mo[38;5;221mr[38;5;221m [38;5;221mP[38;5;185mu[38;5;185mr[38;5;185mp[38;5;185mu[38;5;185mr[38;5;185m [38;5;185mi[38;5;185mn[38;5;185ms[38;5;185mt[38;5;185me[38;5;185ma[38;5;185md[38;5;185m.[0m
[23:31:42 INFO]: [38;5;8m[[38;5;208mI[38;5;208mr[38;5;208mi[38;5;208ms[38;5;8m][38;5;7m: [38;5;208mI[38;5;208mr[38;5;208mi[38;5;208ms[38;5;208m [38;5;208mi[38;5;202ms[38;5;202m [38;5;202mr[38;5;202mu[38;5;202mn[38;5;202mn[38;5;202mi[38;5;202mn[38;5;202mg[38;5;202m [38;5;202mi[38;5;202mn[38;5;202m [38;5;208mW[38;5;208ma[38;5;208mr[38;5;208mn[38;5;208mi[38;5;208mn[38;5;208mg[38;5;3m [38;5;3mM[38;5;3mo[38;5;214md[38;5;214me[0m
[23:31:42 INFO]: [38;5;8m[[38;5;208mI[38;5;208mr[38;5;202mi[38;5;202ms[38;5;8m][38;5;7m:[38;5;248m [0m
[23:31:42 INFO]: [38;5;8m[[38;5;208mI[38;5;208mr[38;5;208mi[38;5;208ms[38;5;8m][38;5;7m: [38;5;8m-[38;5;8m-[38;5;240m=[38;5;240m=[38;5;240m<[38;5;208m [38;5;208mI[38;5;208mM[38;5;202mP[38;5;202mO[38;5;202mR[38;5;202mT[38;5;202mA[38;5;202mN[38;5;202mT[38;5;208m [38;5;8m>[38;5;240m=[38;5;240m=[38;5;8m-[38;5;8m-[0m
[23:31:42 INFO]: [38;5;8m[[38;5;208mI[38;5;208mr[38;5;208mi[38;5;208ms[38;5;8m][38;5;7m: [38;5;208mI[38;5;208mr[38;5;208mi[38;5;208ms[38;5;208m [38;5;208mi[38;5;208ms[38;5;208m [38;5;208mr[38;5;208mu[38;5;208mn[38;5;208mn[38;5;208mi[38;5;208mn[38;5;202mg[38;5;202m [38;5;202mi[38;5;202mn[38;5;202m [38;5;202mw[38;5;202ma[38;5;202mr[38;5;202mn[38;5;202mi[38;5;202mn[38;5;202mg[38;5;202m [38;5;202mmo[38;5;202md[38;5;202me[38;5;202m [38;5;202mw[38;5;202mh[38;5;202mi[38;5;202mc[38;5;202mh[38;5;202m [38;5;202mm[38;5;202ma[38;5;202my[38;5;202m [38;5;202mc[38;5;208ma[38;5;208mu[38;5;208ms[38;5;208me[38;5;208m [38;5;208mt[38;5;208mh[38;5;208me[38;5;208m [38;5;208mf[38;5;208mo[38;5;208ml[38;5;208ml[38;5;208mo[38;5;208mw[38;5;3mi[38;5;3mn[38;5;3mg[38;5;3m [38;5;3mi[38;5;3ms[38;5;3ms[38;5;3mu[38;5;3me[38;5;214ms[38;5;214m:[0m
[23:31:42 INFO]: [38;5;8m[[38;5;208mI[38;5;208mr[38;5;208mi[38;5;208ms[38;5;8m][38;5;7m:[38;5;7m [38;5;185m-[38;5;221m [38;5;221mD[38;5;221ma[38;5;221mt[38;5;221ma[38;5;221m [38;5;221mL[38;5;185mo[38;5;185ms[38;5;185ms[0m
[23:31:42 INFO]: [38;5;8m[[38;5;208mI[38;5;208mr[38;5;208mi[38;5;202ms[38;5;8m][38;5;7m:[38;5;7m [38;5;185m-[38;5;221m [38;5;221mE[38;5;221mr[38;5;221mr[38;5;221mo[38;5;185mr[38;5;185ms[0m
[23:31:42 INFO]: [38;5;8m[[38;5;208mI[38;5;208mr[38;5;208mi[38;5;208ms[38;5;8m][38;5;7m:[38;5;7m [38;5;185m-[38;5;185m [38;5;221mB[38;5;221mr[38;5;221mo[38;5;221mk[38;5;221me[38;5;221mn[38;5;221m [38;5;221mw[38;5;221mo[38;5;185mr[38;5;185ml[38;5;185md[38;5;185ms[0m
[23:31:42 INFO]: [38;5;8m[[38;5;208mI[38;5;208mr[38;5;208mi[38;5;208ms[38;5;8m][38;5;7m: [38;5;185m-[38;5;185m [38;5;221mU[38;5;221mn[38;5;221me[38;5;221mx[38;5;221mp[38;5;221me[38;5;221mc[38;5;221mt[38;5;221me[38;5;221md[38;5;221m [38;5;221mb[38;5;221me[38;5;221mh[38;5;185ma[38;5;185mv[38;5;185mi[38;5;185mo[38;5;185mr[38;5;185m.[0m
[23:31:42 INFO]: [38;5;8m[[38;5;208mI[38;5;208mr[38;5;208mi[38;5;208ms[38;5;8m][38;5;7m:[38;5;7m [38;5;185m-[38;5;185m [38;5;185mA[38;5;185mn[38;5;221md[38;5;221m [38;5;221mp[38;5;221me[38;5;221mr[38;5;221mh[38;5;221ma[38;5;221mp[38;5;221ms[38;5;221m [38;5;221mfu[38;5;221mr[38;5;221mt[38;5;221mh[38;5;221me[38;5;221mr[38;5;221m [38;5;221mc[38;5;221mo[38;5;221mm[38;5;221mp[38;5;185ml[38;5;185mi[38;5;185mc[38;5;185ma[38;5;185mt[38;5;185mi[38;5;185mo[38;5;185mn[38;5;185ms[38;5;185m.[0m
[23:31:42 INFO]: [38;5;8m[[38;5;208mI[38;5;208mr[38;5;202mi[38;5;202ms[38;5;8m][38;5;7m:[38;5;248m [0m
[23:31:43 INFO]: [38;5;8m[[38;5;3mI[38;5;208mr[38;5;208mi[38;5;208ms[38;5;8m][38;5;7m:[38;5;7m [38;5;15mL[38;5;15moadi[38;5;15mng [38;5;15mE[38;5;15mxte[38;5;15mrnal[38;5;15mDat[38;5;15ma[38;5;15mPro[38;5;15mvide[38;5;15mr.[38;5;15m..[0m
[23:31:44 WARN]: **** SERVER IS RUNNING IN OFFLINE/INSECURE MODE!
[23:31:44 WARN]: The server will make no attempt to authenticate usernames. Beware.
[23:31:44 WARN]: While this makes the game possible to play without internet access, it also opens up the ability for hackers to connect with any username they choose.
[23:31:44 WARN]: To change this, set "online-mode" to "true" in the server.properties file.
[23:31:44 INFO]: Preparing level "world"
[23:31:45 INFO]: Loading 0 persistent chunks for world 'minecraft:overworld'...
[23:31:45 INFO]: Preparing spawn area: 100%
[23:31:45 INFO]: Prepared spawn area in 4 ms
[23:31:45 INFO]: Loading 0 persistent chunks for world 'minecraft:the_nether'...
[23:31:45 INFO]: Preparing spawn area: 100%
[23:31:45 INFO]: Prepared spawn area in 2 ms
[23:31:45 INFO]: Loading 0 persistent chunks for world 'minecraft:the_end'...
[23:31:45 INFO]: Prepared spawn area in 3 ms
[23:31:45 INFO]: Done preparing level "world" (1.643s)
[23:31:45 INFO]: [PregenBoot] Enabling PregenBoot v1.0
[23:31:46 INFO]: [spark] Starting background profiler...
[23:31:46 INFO]: [spark] The async-profiler engine is not supported for your os/arch (windows11/amd64), so the built-in Java engine will be used instead.
[23:31:46 INFO]: Starting remote control listener
[23:31:46 INFO]: Thread RCON Listener started
[23:31:46 INFO]: RCON running on 0.0.0.0:25575
[23:31:46 INFO]: Running delayed init tasks
[23:31:46 INFO]: [38;5;8m[[38;5;3mI[38;5;3mr[38;5;3mi[38;5;3ms[38;5;8m][38;5;248m: [38;5;15mLo[38;5;15madi[38;5;15mng Wor[38;5;15mld: t[38;5;15me[38;5;15mstwor[38;5;15mld | G[38;5;15menera[38;5;15mt[38;5;15mor: o[38;5;15mverwor[38;5;15mld[0m
[23:31:48 INFO]: [38;5;8m[[38;5;208mI[38;5;208mr[38;5;208mi[38;5;208ms[38;5;8m][38;5;7m:[38;5;7m [38;5;170mP[38;5;170mr[38;5;170me[38;5;170mp[38;5;170ma[38;5;170mr[38;5;170mi[38;5;170mn[38;5;170mg[38;5;170m [38;5;170mS[38;5;170mp[38;5;170ma[38;5;170mw[38;5;170mn[38;5;170m [38;5;170mf[38;5;170mo[38;5;170mr[38;5;170m [38;5;170mt[38;5;170me[38;5;170ms[38;5;206mt[38;5;206mw[38;5;206mo[38;5;206mr[38;5;206ml[38;5;206md[38;5;206m'[38;5;206m [38;5;206mu[38;5;206ms[38;5;206mi[38;5;205mn[38;5;205mg[38;5;205m [38;5;206mI[38;5;206mr[38;5;206mi[38;5;206ms[38;5;206m:[38;5;206mo[38;5;206mv[38;5;206me[38;5;206mr[38;5;206mw[38;5;170mo[38;5;170mr[38;5;170ml[38;5;170md[38;5;170m.[38;5;170m.[38;5;170m.[0m
[23:31:49 INFO]: [38;5;240m[[38;5;202mI[38;5;202mr[38;5;202mi[38;5;202ms[38;5;240m][38;5;145m:[38;5;145m [38;5;15mL[38;5;15moa[38;5;15mdin[38;5;15mg 3[38;5;15m9 p[38;5;15mref[38;5;15met[38;5;15mc[38;5;15mh c[38;5;15mave[38;5;15ms[0m
[23:31:49 INFO]: [38;5;240m[[38;5;202mI[38;5;202mr[38;5;202mi[38;5;202ms[38;5;240m][38;5;145m:[38;5;145m [38;5;15mL[38;5;15moa[38;5;15mding[38;5;15m 3[38;5;15m2[38;5;15m5 p[38;5;15mref[38;5;15met[38;5;15mch[38;5;15m bi[38;5;15mome[38;5;15ms[0m
[23:31:49 INFO]: [38;5;240m[[38;5;202mI[38;5;202mr[38;5;202mi[38;5;202ms[38;5;240m][38;5;145m:[38;5;145m [38;5;15mL[38;5;15moad[38;5;15ming[38;5;15m 12[38;5;15m [38;5;15mpref[38;5;15metc[38;5;15mh [38;5;15mge[38;5;15mnera[38;5;15mtor[38;5;15ms[0m
[23:31:49 INFO]: [38;5;240m[[38;5;202mI[38;5;202mr[38;5;202mi[38;5;202ms[38;5;240m][38;5;145m: [38;5;15mL[38;5;15moadi[38;5;15mng 1[38;5;15m7 pr[38;5;15me[38;5;15mfetc[38;5;15mh jig[38;5;15msa[38;5;15mw-[38;5;15mstruc[38;5;15mture[38;5;15ms[0m
[23:31:49 INFO]: [38;5;240m[[38;5;202mI[38;5;202mr[38;5;202mi[38;5;202ms[38;5;240m][38;5;145m:[38;5;145m [38;5;15mL[38;5;15moad[38;5;15ming[38;5;15m 0 [38;5;15mpre[38;5;15mfet[38;5;15mch[38;5;15m [38;5;15mscri[38;5;15mpts[0m
[23:31:49 INFO]: [38;5;240m[[38;5;202mI[38;5;202mr[38;5;202mi[38;5;202ms[38;5;240m][38;5;145m:[38;5;145m [38;5;15mL[38;5;15moa[38;5;15mdin[38;5;15mg [38;5;15m0[38;5;15m pr[38;5;15mef[38;5;15met[38;5;15mc[38;5;15mh l[38;5;15moot[0m
[23:31:49 INFO]: [38;5;240m[[38;5;202mI[38;5;202mr[38;5;202mi[38;5;202ms[38;5;240m][38;5;145m:[38;5;145m [38;5;15mL[38;5;15moa[38;5;15mdin[38;5;15mg [38;5;15m0[38;5;15m pr[38;5;15mef[38;5;15met[38;5;15mc[38;5;15mh m[38;5;15mods[0m
[23:31:49 INFO]: [38;5;240m[[38;5;202mI[38;5;202mr[38;5;202mi[38;5;202ms[38;5;240m][38;5;145m:[38;5;145m [38;5;15mL[38;5;15moadi[38;5;15mng [38;5;15m26 p[38;5;15mrefe[38;5;15mtch [38;5;15mji[38;5;15mgs[38;5;15maw-p[38;5;15mools[0m
[23:31:49 INFO]: [38;5;240m[[38;5;202mI[38;5;202mr[38;5;202mi[38;5;202ms[38;5;240m][38;5;145m:[38;5;145m [38;5;15mL[38;5;15moad[38;5;15ming[38;5;15m 1 [38;5;15mpre[38;5;15mfet[38;5;15mch[38;5;15m [38;5;15mmark[38;5;15mers[0m
[23:31:49 INFO]: [38;5;240m[[38;5;202mI[38;5;202mr[38;5;202mi[38;5;202ms[38;5;240m][38;5;145m:[38;5;145m [38;5;15mL[38;5;15moad[38;5;15ming[38;5;15m 0[38;5;15m [38;5;15mpre[38;5;15mfet[38;5;15mc[38;5;15mh [38;5;15mmat[38;5;15mter[0m
[23:31:49 INFO]: [38;5;240m[[38;5;202mI[38;5;202mr[38;5;202mi[38;5;202ms[38;5;240m][38;5;145m:[38;5;145m [38;5;15mL[38;5;15moad[38;5;15ming[38;5;15m 0 [38;5;15mpre[38;5;15mfet[38;5;15mch[38;5;15m [38;5;15mobje[38;5;15mcts[0m
[23:31:49 INFO]: [38;5;240m[[38;5;202mI[38;5;202mr[38;5;202mi[38;5;202ms[38;5;240m][38;5;145m:[38;5;145m [38;5;15mL[38;5;15moad[38;5;15ming[38;5;15m 0[38;5;15m [38;5;15mpre[38;5;15mfet[38;5;15mc[38;5;15mh [38;5;15mima[38;5;15mges[0m
[23:31:49 INFO]: [38;5;240m[[38;5;202mI[38;5;202mr[38;5;202mi[38;5;202ms[38;5;240m][38;5;145m:[38;5;145m [38;5;15mL[38;5;15moad[38;5;15ming [38;5;15m0 p[38;5;15mr[38;5;15mefe[38;5;15mtch [38;5;15mex[38;5;15mp[38;5;15mress[38;5;15mions[0m
[23:31:49 INFO]: [38;5;240m[[38;5;202mI[38;5;202mr[38;5;202mi[38;5;202ms[38;5;240m][38;5;145m:[38;5;145m [38;5;15mL[38;5;15moad[38;5;15ming[38;5;15m 15[38;5;15m1 pr[38;5;15mefe[38;5;15mtc[38;5;15mh[38;5;15m bl[38;5;15mocks[0m
[23:31:49 INFO]: [38;5;240m[[38;5;202mI[38;5;202mr[38;5;202mi[38;5;202ms[38;5;240m][38;5;145m:[38;5;145m [38;5;15mL[38;5;15moad[38;5;15ming[38;5;15m 15[38;5;15m [38;5;15mpre[38;5;15mfet[38;5;15mch[38;5;15m [38;5;15mravi[38;5;15mnes[0m
[23:31:49 INFO]: [38;5;240m[[38;5;202mI[38;5;202mr[38;5;202mi[38;5;202ms[38;5;240m][38;5;145m:[38;5;145m [38;5;15mL[38;5;15moad[38;5;15ming[38;5;15m 0 [38;5;15mp[38;5;15mref[38;5;15metc[38;5;15mh [38;5;15me[38;5;15mntit[38;5;15mies[0m
[23:31:49 INFO]: [38;5;240m[[38;5;202mI[38;5;202mr[38;5;202mi[38;5;202ms[38;5;240m][38;5;145m:[38;5;145m [38;5;15mL[38;5;15mo[38;5;15madi[38;5;15mng 3[38;5;15m48 p[38;5;15mrefet[38;5;15mch j[38;5;15mig[38;5;15msa[38;5;15mw-pi[38;5;15meces[0m
[23:31:49 INFO]: [38;5;240m[[38;5;202mI[38;5;202mr[38;5;202mi[38;5;202ms[38;5;240m][38;5;145m:[38;5;145m [38;5;15mL[38;5;15moad[38;5;15ming[38;5;15m 0 [38;5;15mp[38;5;15mref[38;5;15metc[38;5;15mh [38;5;15ms[38;5;15mpawn[38;5;15mers[0m
[23:31:49 INFO]: [38;5;240m[[38;5;202mI[38;5;202mr[38;5;202mi[38;5;202ms[38;5;240m][38;5;145m:[38;5;145m [38;5;15mL[38;5;15moad[38;5;15ming[38;5;15m 9 [38;5;15mpre[38;5;15mfetc[38;5;15mh[38;5;15m r[38;5;15megi[38;5;15mons[0m
[23:31:49 INFO]: [38;5;240m[[38;5;202mI[38;5;202mr[38;5;202mi[38;5;202ms[38;5;240m][38;5;145m:[38;5;145m [38;5;15mL[38;5;15mo[38;5;15mad[38;5;15ming [38;5;15m1 p[38;5;15mrefe[38;5;15mtch[38;5;15m d[38;5;15mim[38;5;15mens[38;5;15mions[0m
[23:31:49 INFO]: [38;5;8m[[38;5;208mI[38;5;208mr[38;5;208mi[38;5;208ms[38;5;8m][38;5;7m:[38;5;7m [38;5;15mLo[38;5;15maded Pr[38;5;15me[38;5;15mfetch[38;5;15m Cache[38;5;15m to re[38;5;15md[38;5;15muce ge[38;5;15mneratio[38;5;15mn d[38;5;15misk[38;5;15m use.[0m
[23:31:49 INFO]: [38;5;8m[[38;5;208mI[38;5;208mr[38;5;208mi[38;5;208ms[38;5;8m][38;5;7m: [38;5;15mInitia[38;5;15mlizing Engine:[38;5;15m t[38;5;15mestworld/ov[38;5;15merworld (Iris[38;5;15mRange(min=-[38;5;15m64.[38;5;15m0, max=1024.0[38;5;15m) height) See[38;5;15md: 6091[38;5;15m6813080[38;5;15m65093536[0m
[23:31:50 INFO]: [38;5;8m[[38;5;214mI[38;5;214mr[38;5;214mi[38;5;214ms[38;5;8m][38;5;248m:[38;5;248m [38;5;15mInje[38;5;15mcte[38;5;15md [38;5;15mIris [38;5;15mBiome[38;5;15m [38;5;15mSour[38;5;15mce in[38;5;15mto t[38;5;15me[38;5;15mstwor[38;5;15mld[0m
[23:31:50 INFO]: Loading 0 persistent chunks for world 'minecraft:testworld'...
[23:31:50 INFO]: Prepared spawn area in 1 ms
[23:31:50 INFO]: [38;5;8m[[38;5;214mI[38;5;214mr[38;5;214mi[38;5;3ms[38;5;8m][38;5;248m:[38;5;248m [38;5;170mL[38;5;170mo[38;5;170ma[38;5;170md[38;5;170me[38;5;170md[38;5;171m [38;5;171mt[38;5;171me[38;5;171ms[38;5;171mt[38;5;171mw[38;5;171mo[38;5;171mr[38;5;171ml[38;5;171md[38;5;170m![0m
[23:31:50 INFO]: Done (34.092s)! For help, type "help"
[23:31:50 INFO]: Running Papo 0.65.0 (Paper 1.21.11-DEV-f26e910 compatible fork)
[23:31:51 INFO]: [38;5;239m[[38;5;220mI[38;5;220mr[38;5;220mi[38;5;220ms[38;5;239m][38;5;248m:[38;5;248m [38;5;15mC[38;5;15mh[38;5;15mec[38;5;15mki[38;5;15mng [38;5;15mDat[38;5;15ma [38;5;15mPa[38;5;15mc[38;5;15mks.[38;5;15m..[0m
[23:31:51 INFO]: [38;5;8m[[38;5;214mI[38;5;214mr[38;5;214mi[38;5;220ms[38;5;8m][38;5;248m:[38;5;248m [38;5;15mDa[38;5;15mta[38;5;15m P[38;5;15mac[38;5;15mk[38;5;15ms[38;5;15m S[38;5;15met[38;5;15mu[38;5;15mp[38;5;15m![0m
[23:32:00 INFO]: [PregenBoot] Turbo pregen radius 3000 started for testworld
[23:32:00 INFO]: [38;5;8m[[38;5;208mI[38;5;208mr[38;5;208mi[38;5;208ms[38;5;8m][38;5;7m:[38;5;7m [38;5;15mTu[38;5;15mrboGen[38;5;15m:[38;5;15m [38;5;36mt[38;5;36me[38;5;36ms[38;5;36mt[38;5;36mw[38;5;36mo[38;5;36mr[38;5;36ml[38;5;36md[38;5;69m [38;5;69mC[38;5;69ma[38;5;69mc[38;5;69mh[38;5;69mi[38;5;69mn[38;5;69mg[38;5;69m:[38;5;69m [38;5;69m0[38;5;69m [38;5;69mo[38;5;69mf[38;5;69m [38;5;69m1[38;5;69m4[38;5;69m0[38;5;69m,[38;5;69m6[38;5;63m2[38;5;63m5[38;5;63m [38;5;63m0[38;5;99m/[38;5;99ms[0m
[23:32:03 INFO]: [38;5;240m[[38;5;202mI[38;5;202mr[38;5;202mi[38;5;202ms[38;5;240m][38;5;145m:[38;5;145m [38;5;15mTurboGe[38;5;15mn: [38;5;35mt[38;5;35me[38;5;35ms[38;5;35mt[38;5;35mw[38;5;35mo[38;5;35mr[38;5;36ml[38;5;36md[38;5;69m [38;5;69mC[38;5;69ma[38;5;69mc[38;5;69mh[38;5;69mi[38;5;69mn[38;5;69mg[38;5;69m:[38;5;69m [38;5;69m1[38;5;69m2[38;5;69m5[38;5;69m,[38;5;69m7[38;5;69m8[38;5;69m5[38;5;69m [38;5;63mo[38;5;63mf[38;5;63m [38;5;63m1[38;5;63m4[38;5;99m0[38;5;99m,[38;5;99m6[38;5;99m2[38;5;99m5[38;5;99m [38;5;99m4[38;5;99m,[38;5;99m1[38;5;99m9[38;5;99m2[38;5;99m/[38;5;99ms[0m
[23:32:04 INFO]: [38;5;8m[[38;5;3mI[38;5;208mr[38;5;208mi[38;5;208ms[38;5;8m][38;5;7m:[38;5;7m [38;5;15mC[38;5;15momp[38;5;15mlete[38;5;15md C[38;5;15mach[38;5;15ming[38;5;15m in:[38;5;15m 3.[38;5;15m7[38;5;15m5s[0m
[23:36:43 INFO]: [38;5;8m[[38;5;208mI[38;5;208mr[38;5;208mi[38;5;208ms[38;5;8m][38;5;7m:[38;5;7m [38;5;185mC[38;5;185mo[38;5;185mm[38;5;185mp[38;5;185ma[38;5;185mt[38;5;185m:[38;5;185m U[38;5;185ms[38;5;185mi[38;5;185mn[38;5;185mg[38;5;185m [38;5;185m'I[38;5;185mR[38;5;185mON[38;5;185m_[38;5;185mC[38;5;185mH[38;5;185mA[38;5;185mI[38;5;185mN'[38;5;185m [38;5;185min[38;5;185m [38;5;185mp[38;5;185ml[38;5;191ma[38;5;191mc[38;5;191me [38;5;191mo[38;5;191mf[38;5;191m [38;5;191m'[38;5;191mC[38;5;191mHA[38;5;191mI[38;5;191mN[38;5;191m'[38;5;191m [38;5;191ms[38;5;191mi[38;5;191mn[38;5;155mc[38;5;155me [38;5;155mt[38;5;191mh[38;5;191mi[38;5;191ms[38;5;191m [38;5;191ms[38;5;191me[38;5;191mr[38;5;191mv[38;5;191me[38;5;191mr[38;5;191m [38;5;191md[38;5;191mo[38;5;191me[38;5;191ms[38;5;191mn[38;5;191mt[38;5;185m [38;5;185ms[38;5;185mu[38;5;185mp[38;5;185mp[38;5;185mo[38;5;185mr[38;5;185mt[38;5;185m [38;5;185m'[38;5;185mC[38;5;185mH[38;5;185mA[38;5;185mI[38;5;185mN[38;5;185m'[0m
[23:36:44 INFO]: [38;5;240m[[38;5;208mI[38;5;208mr[38;5;202mi[38;5;202ms[38;5;240m][38;5;7m:[38;5;145m [38;5;221mC[38;5;221mo[38;5;221mmp[38;5;221ma[38;5;221mt[38;5;221m:[38;5;221m [38;5;221mU[38;5;221ms[38;5;221mi[38;5;221mn[38;5;221mg[38;5;221m [38;5;221m'[38;5;221mS[38;5;221mH[38;5;221mO[38;5;221mR[38;5;221mT[38;5;221m_[38;5;221mG[38;5;221mR[38;5;221mA[38;5;221mS[38;5;221mS[38;5;221m'[38;5;221m [38;5;221min[38;5;221m [38;5;221mp[38;5;221ml[38;5;221ma[38;5;221mc[38;5;221me[38;5;221m [38;5;221mo[38;5;221mf [38;5;221m'[38;5;221mG[38;5;221mR[38;5;221mA[38;5;221mS[38;5;221mS'[38;5;221m [38;5;185ms[38;5;185mi[38;5;185mn[38;5;185mc[38;5;185me [38;5;185mt[38;5;185mh[38;5;185mi[38;5;185ms[38;5;185m [38;5;185ms[38;5;185me[38;5;185mr[38;5;185mve[38;5;185mr[38;5;185m d[38;5;185mo[38;5;185me[38;5;185msn[38;5;185mt[38;5;185m s[38;5;185mu[38;5;185mp[38;5;185mp[38;5;185mo[38;5;185mr[38;5;185mt[38;5;185m [38;5;185m'[38;5;185mG[38;5;185mR[38;5;185mA[38;5;185mS[38;5;185mS[38;5;185m'[0m
[23:37:09 INFO]: [38;5;240m[[38;5;202mI[38;5;202mr[38;5;202mi[38;5;202ms[38;5;240m][38;5;145m:[38;5;145m [38;5;15mSaved P[38;5;15mrefetc[38;5;15mh[38;5;15m Cache[38;5;15m to spe[38;5;15med [38;5;15mup [38;5;15mfuture [38;5;15mworld s[38;5;15mt[38;5;15martup[38;5;15ms[0m
[23:37:48 INFO]: [38;5;240m[[38;5;202mI[38;5;202mr[38;5;208mi[38;5;208ms[38;5;240m][38;5;145m:[38;5;145m [38;5;209mF[38;5;209mai[38;5;209mled t[38;5;209mo[38;5;209m samp[38;5;209mle[38;5;209m hi [38;5;209mbiom[38;5;209me [38;5;209mat 688[38;5;209m.[38;5;209m6269[38;5;209m531[38;5;209m25 [38;5;209m-4[38;5;209m70.[38;5;209m6[38;5;209m269226[38;5;209m0[38;5;209m74[38;5;209m21[38;5;209m9...[0m
[23:38:19 INFO]: [38;5;8m[[38;5;3mI[38;5;3mr[38;5;3mi[38;5;3ms[38;5;8m][38;5;7m:[38;5;7m [38;5;209mMo[38;5;209md[38;5;209mi[38;5;209mf[38;5;209mi[38;5;209me[38;5;209mr[38;5;209m [38;5;209mF[38;5;209ma[38;5;209mil[38;5;209mu[38;5;209mr[38;5;209me[38;5;209m:[38;5;209m [38;5;209mP[38;5;209mos[38;5;209mt[0m
[00:10:22 INFO]: [38;5;239m[[38;5;220mI[38;5;226mri[38;5;220ms[38;5;239m][38;5;247m:[38;5;247m [38;5;209mM[38;5;209mod[38;5;209mi[38;5;209mf[38;5;209mi[38;5;209mer[38;5;209m F[38;5;209ma[38;5;209mi[38;5;209ml[38;5;209mu[38;5;209mre[38;5;209m: [38;5;209mP[38;5;209mo[38;5;209ms[38;5;209mt[0m
[00:36:16 INFO]: [38;5;239m[[38;5;220mI[38;5;220mr[38;5;220mi[38;5;220ms[38;5;239m][38;5;248m:[38;5;248m [38;5;209mM[38;5;209mo[38;5;209md[38;5;209mi[38;5;209mf[38;5;209mie[38;5;209mr[38;5;209m F[38;5;209mai[38;5;209mlu[38;5;209mr[38;5;209me[38;5;209m:[38;5;209m [38;5;209mPo[38;5;209mst[0m
[00:40:26 INFO]: [38;5;240m[[38;5;208mI[38;5;208mr[38;5;208mi[38;5;208ms[38;5;240m][38;5;7m:[38;5;7m [38;5;209mM[38;5;209mod[38;5;209mi[38;5;209mf[38;5;209mie[38;5;209mr [38;5;209mFa[38;5;209mi[38;5;209ml[38;5;209mu[38;5;209mr[38;5;209me:[38;5;209m [38;5;209mP[38;5;209mo[38;5;209mst[0m
[00:44:48 INFO]: [38;5;239m[[38;5;226mI[38;5;226mr[38;5;220mi[38;5;220ms[38;5;239m][38;5;247m:[38;5;247m [38;5;209mMo[38;5;209md[38;5;209mi[38;5;209mf[38;5;209mie[38;5;209mr [38;5;209mF[38;5;209ma[38;5;209mil[38;5;209mur[38;5;209me:[38;5;209m [38;5;209mP[38;5;209mo[38;5;209ms[38;5;209mt[0m
[01:04:04 INFO]: [38;5;8m[[38;5;3mI[38;5;214mr[38;5;214mi[38;5;214ms[38;5;8m][38;5;248m:[38;5;248m [38;5;209mM[38;5;209mo[38;5;209mdi[38;5;209mfi[38;5;209me[38;5;209mr[38;5;209m [38;5;209mFa[38;5;209mi[38;5;209ml[38;5;209mu[38;5;209mr[38;5;209me:[38;5;209m P[38;5;209mos[38;5;209mt[0m
